/usr/java/jdk1.8.0_131/bin/java -Dvisualvm.id=140575327895125 -XX:InitialHeapSize=3221225472 -XX:MaxDirectMemorySize=209715200 -XX:MaxHeapSize=3221225472 -XX:MaxNewSize=1073741824 -XX:MaxTenuringThreshold=6 -XX:NewSize=1073741824 -XX:OldPLABSize=16 -XX:OldSize=2147483648 -XX:+PrintGC -XX:+PrintGCDetails -XX:+PrintGCTimeStamps -XX:+UseCompressedOops -XX:+UseConcMarkSweepGC -XX:+UseParNewGC -Dvisualvm.id=140574087338938 -javaagent:/home/yche/.local/share/JetBrains/Toolbox/apps/IDEA-U/ch-0/171.4694.23/lib/idea_rt.jar=35233:/home/yche/.local/share/JetBrains/Toolbox/apps/IDEA-U/ch-0/171.4694.23/bin -Dfile.encoding=UTF-8 -classpath /usr/java/jdk1.8.0_131/jre/lib/charsets.jar:/usr/java/jdk1.8.0_131/jre/lib/deploy.jar:/usr/java/jdk1.8.0_131/jre/lib/ext/cldrdata.jar:/usr/java/jdk1.8.0_131/jre/lib/ext/dnsns.jar:/usr/java/jdk1.8.0_131/jre/lib/ext/jaccess.jar:/usr/java/jdk1.8.0_131/jre/lib/ext/jfxrt.jar:/usr/java/jdk1.8.0_131/jre/lib/ext/localedata.jar:/usr/java/jdk1.8.0_131/jre/lib/ext/nashorn.jar:/usr/java/jdk1.8.0_131/jre/lib/ext/sunec.jar:/usr/java/jdk1.8.0_131/jre/lib/ext/sunjce_provider.jar:/usr/java/jdk1.8.0_131/jre/lib/ext/sunpkcs11.jar:/usr/java/jdk1.8.0_131/jre/lib/ext/zipfs.jar:/usr/java/jdk1.8.0_131/jre/lib/javaws.jar:/usr/java/jdk1.8.0_131/jre/lib/jce.jar:/usr/java/jdk1.8.0_131/jre/lib/jfr.jar:/usr/java/jdk1.8.0_131/jre/lib/jfxswt.jar:/usr/java/jdk1.8.0_131/jre/lib/jsse.jar:/usr/java/jdk1.8.0_131/jre/lib/management-agent.jar:/usr/java/jdk1.8.0_131/jre/lib/plugin.jar:/usr/java/jdk1.8.0_131/jre/lib/resources.jar:/usr/java/jdk1.8.0_131/jre/lib/rt.jar:/home/yche/GitRepos/IncrementalSyncContest/target/classes:/home/yche/.m2/repository/org/slf4j/slf4j-api/1.7.21/slf4j-api-1.7.21.jar:/home/yche/.m2/repository/org/xerial/snappy/snappy-java/1.1.2.6/snappy-java-1.1.2.6.jar:/home/yche/.m2/repository/ch/qos/logback/logback-core/1.0.13/logback-core-1.0.13.jar:/home/yche/.m2/repository/ch/qos/logback/logback-classic/1.1.1/logback-classic-1.1.1.jar:/home/yche/.m2/repository/io/netty/netty-all/4.1.12.Final/netty-all-4.1.12.Final.jar:/home/yche/.m2/repository/com/alibaba/fastjson/1.2.28/fastjson-1.2.28.jar:/home/yche/.m2/repository/com/google/guava/guava/20.0/guava-20.0.jar:/home/yche/.m2/repository/org/codehaus/jackson/jackson-mapper-asl/1.9.13/jackson-mapper-asl-1.9.13.jar:/home/yche/.m2/repository/org/codehaus/jackson/jackson-core-asl/1.9.13/jackson-core-asl-1.9.13.jar:/home/yche/.m2/repository/commons-io/commons-io/2.5/commons-io-2.5.jar com.alibaba.middleware.race.sync.server2.unitTest.APIUsageDemo
6.033: [GC (Allocation Failure) 6.033: [ParNew: 838912K->104832K(943744K), 1.2342433 secs] 838912K->408123K(3040896K), 1.2342889 secs] [Times: user=6.28 sys=0.52, real=1.23 secs]
7.848: [GC (Allocation Failure) 7.848: [ParNew: 943744K->104832K(943744K), 0.6133429 secs] 1247035K->894096K(3040896K), 0.6133882 secs] [Times: user=3.58 sys=0.14, real=0.61 secs]
9.028: [GC (Allocation Failure) 9.028: [ParNew: 943744K->104832K(943744K), 0.4614372 secs] 1733008K->1233668K(3040896K), 0.4614761 secs] [Times: user=3.13 sys=0.09, real=0.47 secs]
9.489: [GC (CMS Initial Mark) [1 CMS-initial-mark: 1128836K(2097152K)] 1237848K(3040896K), 0.0163427 secs] [Times: user=0.12 sys=0.00, real=0.01 secs]
9.506: [CMS-concurrent-mark-start]
10.132: [GC (Allocation Failure) 10.132: [ParNew: 943744K->104832K(943744K), 0.2642839 secs] 2072580K->1351646K(3040896K), 0.2643256 secs] [Times: user=1.91 sys=0.02, real=0.26 secs]
11.159: [GC (Allocation Failure) 11.160: [ParNew: 943744K->104832K(943744K), 0.2216128 secs] 2190558K->1417327K(3040896K), 0.2216625 secs] [Times: user=1.65 sys=0.03, real=0.22 secs]
11.494: [CMS-concurrent-mark: 1.458/1.988 secs] [Times: user=11.52 sys=0.11, real=1.99 secs]
11.494: [CMS-concurrent-preclean-start]
11.994: [GC (Allocation Failure) 11.994: [ParNew: 943744K->104832K(943744K), 0.2752265 secs] 2256239K->1518617K(3040896K), 0.2752682 secs] [Times: user=1.95 sys=0.04, real=0.28 secs]
12.998: [GC (Allocation Failure) 12.998: [ParNew: 943744K->104832K(943744K), 0.2200831 secs] 2357529K->1573577K(3040896K), 0.2201258 secs] [Times: user=1.58 sys=0.02, real=0.23 secs]
14.019: [GC (Allocation Failure) 14.019: [ParNew: 943744K->99562K(943744K), 0.2186165 secs] 2412489K->1614449K(3040896K), 0.2186586 secs] [Times: user=1.62 sys=0.01, real=0.21 secs]
14.240: [CMS-concurrent-preclean: 1.948/2.746 secs] [Times: user=13.87 sys=0.12, real=2.75 secs]
14.240: [CMS-concurrent-abortable-preclean-start]
14.700: [GC (Allocation Failure) 14.700: [ParNew: 938474K->104832K(943744K), 0.2018998 secs] 2453361K->1685591K(3040896K), 0.2019416 secs] [Times: user=1.49 sys=0.02, real=0.20 secs]
14.905: [CMS-concurrent-abortable-preclean: 0.447/0.665 secs] [Times: user=4.05 sys=0.04, real=0.66 secs]
14.906: [GC (CMS Final Remark) [YG occupancy: 122506 K (943744 K)]14.906: [Rescan (parallel) , 0.1543079 secs]15.060: [weak refs processing, 0.0000254 secs]15.060: [class unloading, 0.0015725 secs]15.062: [scrub symbol table, 0.0005356 secs]15.063: [scrub string table, 0.0002466 secs][1 CMS-remark: 1580759K(2097152K)] 1703266K(3040896K), 0.1568967 secs] [Times: user=1.20 sys=0.00, real=0.16 secs]
15.063: [CMS-concurrent-sweep-start]
15.654: [GC (Allocation Failure) 15.654: [ParNew: 943744K->104832K(943744K), 0.3214710 secs] 2462443K->1710625K(3040896K), 0.3215166 secs] [Times: user=1.76 sys=0.01, real=0.32 secs]
16.427: [CMS-concurrent-sweep: 1.028/1.364 secs] [Times: user=7.00 sys=0.06, real=1.36 secs]
16.427: [CMS-concurrent-reset-start]
16.432: [CMS-concurrent-reset: 0.005/0.005 secs] [Times: user=0.03 sys=0.00, real=0.01 secs]
16.630: [GC (Allocation Failure) 16.630: [ParNew: 943744K->104832K(943744K), 0.2389069 secs] 2539689K->1772388K(3040896K), 0.2389456 secs] [Times: user=1.63 sys=0.02, real=0.24 secs]
16.910: [GC (CMS Initial Mark) [1 CMS-initial-mark: 1667556K(2097152K)] 1877027K(3040896K), 0.0259508 secs] [Times: user=0.19 sys=0.01, real=0.02 secs]
16.936: [CMS-concurrent-mark-start]
17.684: [GC (Allocation Failure) 17.684: [ParNew: 943744K->95293K(943744K), 0.2462287 secs] 2611300K->1825771K(3040896K), 0.2462852 secs] [Times: user=1.75 sys=0.03, real=0.25 secs]
18.633: [CMS-concurrent-mark: 1.420/1.697 secs] [Times: user=8.86 sys=0.05, real=1.70 secs]
18.633: [CMS-concurrent-preclean-start]
18.726: [GC (Allocation Failure) 18.726: [ParNew: 934205K->88513K(943744K), 0.2194018 secs] 2664683K->1856009K(3040896K), 0.2194439 secs] [Times: user=1.53 sys=0.02, real=0.22 secs]
19.659: [GC (Allocation Failure) 19.659: [ParNew: 927425K->104832K(943744K), 0.2047916 secs] 2694921K->1928709K(3040896K), 0.2048354 secs] [Times: user=1.52 sys=0.02, real=0.20 secs]
20.650: [GC (Allocation Failure) 20.650: [ParNew: 943744K->104832K(943744K), 0.2111170 secs] 2767621K->1978338K(3040896K), 0.2111579 secs] [Times: user=1.51 sys=0.01, real=0.21 secs]
20.864: [CMS-concurrent-preclean: 1.531/2.232 secs] [Times: user=11.20 sys=0.09, real=2.23 secs]
20.865: [CMS-concurrent-abortable-preclean-start]
21.582: [CMS-concurrent-abortable-preclean: 0.695/0.718 secs] [Times: user=2.79 sys=0.03, real=0.72 secs]
21.583: [GC (CMS Final Remark) [YG occupancy: 816054 K (943744 K)]21.583: [Rescan (parallel) , 0.2573978 secs]21.840: [weak refs processing, 0.0000243 secs]21.840: [class unloading, 0.0015964 secs]21.842: [scrub symbol table, 0.0005417 secs]21.842: [scrub string table, 0.0002303 secs][1 CMS-remark: 1873506K(2097152K)] 2689560K(3040896K), 0.2598582 secs] [Times: user=1.93 sys=0.00, real=0.26 secs]
21.843: [CMS-concurrent-sweep-start]
22.041: [GC (Allocation Failure) 22.042: [ParNew: 943744K->104832K(943744K), 0.2321109 secs] 2744016K->1944587K(3040896K), 0.2321525 secs] [Times: user=1.46 sys=0.00, real=0.23 secs]
23.212: [GC (Allocation Failure) 23.212: [ParNew: 943744K->104832K(943744K), 0.2050856 secs] 2337880K->1538084K(3040896K), 0.2051283 secs] [Times: user=1.48 sys=0.00, real=0.20 secs]
23.921: [CMS-concurrent-sweep: 1.625/2.078 secs] [Times: user=9.25 sys=0.06, real=2.08 secs]
23.921: [CMS-concurrent-reset-start]
23.923: [CMS-concurrent-reset: 0.002/0.002 secs] [Times: user=0.00 sys=0.00, real=0.00 secs]
24.255: [GC (Allocation Failure) 24.255: [ParNew: 943744K->104832K(943744K), 0.2112748 secs] 2162949K->1382038K(3040896K), 0.2113159 secs] [Times: user=1.46 sys=0.00, real=0.21 secs]
25.209: [GC (Allocation Failure) 25.209: [ParNew: 943744K->104832K(943744K), 0.1932328 secs] 2220950K->1424322K(3040896K), 0.1932729 secs] [Times: user=1.35 sys=0.01, real=0.19 secs]
25.972: [GC (Allocation Failure) 25.972: [ParNew: 943744K->104832K(943744K), 0.2048357 secs] 2263234K->1471056K(3040896K), 0.2048768 secs] [Times: user=1.37 sys=0.01, real=0.20 secs]
26.866: [GC (Allocation Failure) 26.866: [ParNew: 943744K->104832K(943744K), 0.2002543 secs] 2309968K->1529441K(3040896K), 0.2003052 secs] [Times: user=1.42 sys=0.01, real=0.20 secs]
27.793: [GC (Allocation Failure) 27.793: [ParNew: 943744K->88605K(943744K), 0.1465493 secs] 2368353K->1544881K(3040896K), 0.1465961 secs] [Times: user=1.09 sys=0.01, real=0.15 secs]
28.626: [GC (Allocation Failure) 28.626: [ParNew: 927517K->104832K(943744K), 0.1832345 secs] 2383793K->1602875K(3040896K), 0.1832813 secs] [Times: user=1.36 sys=0.00, real=0.19 secs]
29.407: [GC (Allocation Failure) 29.407: [ParNew: 943744K->104832K(943744K), 0.1561827 secs] 2441787K->1630454K(3040896K), 0.1562282 secs] [Times: user=1.18 sys=0.00, real=0.16 secs]
30.182: [GC (Allocation Failure) 30.182: [ParNew: 943744K->104832K(943744K), 0.1891000 secs] 2469366K->1689475K(3040896K), 0.1891405 secs] [Times: user=1.37 sys=0.00, real=0.19 secs]
30.372: [GC (CMS Initial Mark) [1 CMS-initial-mark: 1584643K(2097152K)] 1689568K(3040896K), 0.0185543 secs] [Times: user=0.10 sys=0.00, real=0.02 secs]
30.390: [CMS-concurrent-mark-start]
31.011: [CMS-concurrent-mark: 0.608/0.621 secs] [Times: user=3.15 sys=0.02, real=0.62 secs]
31.011: [CMS-concurrent-preclean-start]
31.094: [GC (Allocation Failure) 31.094: [ParNew: 943744K->104832K(943744K), 0.2261594 secs] 2528387K->1751722K(3040896K), 0.2262004 secs] [Times: user=1.57 sys=0.01, real=0.23 secs]
31.325: [CMS-concurrent-preclean: 0.081/0.314 secs] [Times: user=1.96 sys=0.01, real=0.31 secs]
31.325: [CMS-concurrent-abortable-preclean-start]
31.883: [CMS-concurrent-abortable-preclean: 0.535/0.558 secs] [Times: user=2.39 sys=0.01, real=0.56 secs]
31.883: [GC (CMS Final Remark) [YG occupancy: 797810 K (943744 K)]31.883: [Rescan (parallel) , 0.1854093 secs]32.069: [weak refs processing, 0.0000242 secs]32.069: [class unloading, 0.0016665 secs]32.070: [scrub symbol table, 0.0005447 secs]32.071: [scrub string table, 0.0002392 secs][1 CMS-remark: 1646890K(2097152K)] 2444700K(3040896K), 0.1879626 secs] [Times: user=1.45 sys=0.00, real=0.19 secs]
32.071: [CMS-concurrent-sweep-start]
32.231: [GC (Allocation Failure) 32.231: [ParNew: 943744K->102720K(943744K), 0.1824931 secs] 2500576K->1699409K(3040896K), 0.1825380 secs] [Times: user=1.30 sys=0.00, real=0.18 secs]
32.993: [GC (Allocation Failure) 32.993: [ParNew: 941632K->104832K(943744K), 0.1617691 secs] 2212391K->1409614K(3040896K), 0.1618083 secs] [Times: user=1.14 sys=0.00, real=0.16 secs]
33.815: [GC (Allocation Failure) 33.815: [ParNew: 943744K->96224K(943744K), 0.1605383 secs] 1890350K->1078444K(3040896K), 0.1605825 secs] [Times: user=1.18 sys=0.01, real=0.16 secs]
34.711: [GC (Allocation Failure) 34.711: [ParNew: 935136K->104832K(943744K), 0.1836140 secs] 1585352K->808227K(3040896K), 0.1836546 secs] [Times: user=1.26 sys=0.00, real=0.18 secs]
34.943: [CMS-concurrent-sweep: 2.155/2.871 secs] [Times: user=14.64 sys=0.09, real=2.87 secs]
34.943: [CMS-concurrent-reset-start]
34.945: [CMS-concurrent-reset: 0.002/0.002 secs] [Times: user=0.00 sys=0.00, real=0.00 secs]
35.477: [GC (Allocation Failure) 35.477: [ParNew: 943744K->104832K(943744K), 0.1970768 secs] 1619013K->830169K(3040896K), 0.1971209 secs] [Times: user=1.34 sys=0.01, real=0.20 secs]
36.286: [GC (Allocation Failure) 36.286: [ParNew: 943744K->104832K(943744K), 0.1654295 secs] 1669081K->879494K(3040896K), 0.1654739 secs] [Times: user=1.17 sys=0.01, real=0.17 secs]
37.045: [GC (Allocation Failure) 37.045: [ParNew: 943744K->104832K(943744K), 0.1822717 secs] 1718406K->951648K(3040896K), 0.1823140 secs] [Times: user=1.28 sys=0.01, real=0.18 secs]
37.807: [GC (Allocation Failure) 37.807: [ParNew: 943744K->104832K(943744K), 0.5118386 secs] 1790560K->1315670K(3040896K), 0.5118795 secs] [Times: user=3.07 sys=0.02, real=0.52 secs]
38.319: [GC (CMS Initial Mark) [1 CMS-initial-mark: 1210838K(2097152K)] 1316786K(3040896K), 0.0165931 secs] [Times: user=0.11 sys=0.00, real=0.01 secs]
38.335: [CMS-concurrent-mark-start]
39.038: [GC (Allocation Failure) 39.038: [ParNew: 943744K->104832K(943744K), 0.8142741 secs] 2154582K->1879845K(3040896K), 0.8143238 secs] [Times: user=4.95 sys=0.02, real=0.81 secs]
40.665: [CMS-concurrent-mark: 1.479/2.330 secs] [Times: user=13.48 sys=0.07, real=2.33 secs]
40.665: [CMS-concurrent-preclean-start]
40.689: [GC (Allocation Failure) 40.689: [ParNew: 943744K->943744K(943744K), 0.0000170 secs]40.689: [CMS42.183: [CMS-concurrent-preclean: 1.471/1.517 secs] [Times: user=1.57 sys=0.00, real=1.52 secs]
 (concurrent mode failure): 1775013K->1139753K(2097152K), 5.6883356 secs] 2718757K->1139753K(3040896K), [Metaspace: 9457K->9457K(1058816K)], 5.6884161 secs] [Times: user=5.67 sys=0.00, real=5.68 secs]
47.129: [GC (Allocation Failure) 47.129: [ParNew: 838912K->104832K(943744K), 0.2685885 secs] 1978665K->1381919K(3040896K), 0.2686299 secs] [Times: user=1.93 sys=0.00, real=0.26 secs]
47.398: [GC (CMS Initial Mark) [1 CMS-initial-mark: 1277087K(2097152K)] 1384123K(3040896K), 0.0159180 secs] [Times: user=0.11 sys=0.01, real=0.01 secs]
47.414: [CMS-concurrent-mark-start]
48.351: [GC (Allocation Failure) 48.351: [ParNew: 943744K->104784K(943744K), 0.1969279 secs] 2220831K->1453580K(3040896K), 0.1969694 secs] [Times: user=1.47 sys=0.00, real=0.19 secs]
49.311: [CMS-concurrent-mark: 1.638/1.897 secs] [Times: user=10.37 sys=0.06, real=1.90 secs]
49.311: [CMS-concurrent-preclean-start]
49.335: [GC (Allocation Failure) 49.335: [ParNew: 943696K->104832K(943744K), 0.2860508 secs] 2292492K->1555739K(3040896K), 0.2860875 secs] [Times: user=2.04 sys=0.00, real=0.29 secs]
total time:44631 ms
Heap
 par new generation   total 943744K, used 147498K [0x0000000700000000, 0x0000000740000000, 0x0000000740000000)
  eden space 838912K,   5% used [0x0000000700000000, 0x00000007029aabf8, 0x0000000733340000)
  from space 104832K, 100% used [0x0000000733340000, 0x00000007399a0000, 0x00000007399a0000)
  to   space 104832K,   0% used [0x00000007399a0000, 0x00000007399a0000, 0x0000000740000000)
 concurrent mark-sweep generation total 2097152K, used 1450907K [0x0000000740000000, 0x00000007c0000000, 0x00000007c0000000)
 Metaspace       used 9560K, capacity 9922K, committed 10240K, reserved 1058816K
  class space    used 1093K, capacity 1202K, committed 1280K, reserved 1048576K

Process finished with exit code 0
